bun test v1.3.5 (1e86cebd)

 49 pass
 0 fail
 96 expect() calls
Ran 49 tests across 7 files. [213.00ms]
